quote_identifier: ALL TESTS PASSED
DBConnection schema: ALL TESTS PASSED
VectorStore insert_vectors table_type: ALL TESTS PASSED
DataLoader recall table parameterized: ALL TESTS PASSED
Config table names: ALL TESTS PASSED

===== ALL TESTS PASSED =====
